// Jest Snapshot v1, https://goo.gl/fbAQLP

exports[`render and props test should render without error 1`] = `
<body>
  <div>
    <div
      class="edit-text svelte-xguohu"
      data-testid="container"
      style=""
    >
      <div
        class="container svelte-xguohu"
      >
        <div />
         
        <input
          alt="alt-input"
          class="svelte-xguohu"
          placeholder=""
          style=""
          type="text"
        />
         
        <div />
      </div>
       
    </div>
  </div>
</body>
`;
